../Core/Src/main.c:114:6:setMuxChannel	16	static
../Core/Src/main.c:124:9:calculate_line_position	32	static
../Core/Src/main.c:154:6:set_motor_speeds	24	static
../Core/Src/main.c:185:6:main_pid_loop	40	static
../Core/Src/main.c:243:6:HAL_TIM_PeriodElapsedCallback	16	static
../Core/Src/main.c:255:6:HAL_ADC_ConvCpltCallback	16	static
../Core/Src/main.c:283:5:main	8	static
../Core/Src/main.c:349:6:SystemClock_Config	88	static
../Core/Src/main.c:395:13:MX_ADC1_Init	24	static
../Core/Src/main.c:447:13:MX_TIM1_Init	96	static
../Core/Src/main.c:534:13:MX_TIM2_Init	56	static
../Core/Src/main.c:583:13:MX_TIM3_Init	32	static
../Core/Src/main.c:628:13:MX_TIM4_Init	32	static
../Core/Src/main.c:673:13:MX_TIM5_Init	56	static
../Core/Src/main.c:722:13:MX_TIM9_Init	56	static
../Core/Src/main.c:774:13:MX_USART1_UART_Init	8	static
../Core/Src/main.c:805:13:MX_DMA_Init	16	static
../Core/Src/main.c:826:13:MX_GPIO_Init	40	static
../Core/Src/main.c:871:6:Error_Handler	4	static,ignoring_inline_asm
