../Core/Src/main.c:136:6:setMuxChannel	2
../Core/Src/main.c:146:6:main_pid_loop	1
../Core/Src/main.c:152:10:lookup_pwm_for_cps	12
../Core/Src/main.c:190:6:motor_pid_loop	15
../Core/Src/main.c:305:6:ir_calibration	3
../Core/Src/main.c:323:6:encoder_calibration	3
../Core/Src/main.c:395:6:HAL_TIM_PeriodElapsedCallback	4
../Core/Src/main.c:413:6:HAL_ADC_ConvCpltCallback	3
../Core/Src/main.c:434:6:SendIRDataUART1	3
../Core/Src/main.c:465:5:main	1
../Core/Src/main.c:538:6:SystemClock_Config	3
../Core/Src/main.c:584:13:MX_ADC1_Init	3
../Core/Src/main.c:636:13:MX_TIM1_Init	10
../Core/Src/main.c:723:13:MX_TIM2_Init	3
../Core/Src/main.c:772:13:MX_TIM3_Init	4
../Core/Src/main.c:817:13:MX_TIM4_Init	4
../Core/Src/main.c:862:13:MX_TIM5_Init	3
../Core/Src/main.c:911:13:MX_TIM9_Init	3
../Core/Src/main.c:949:13:MX_TIM10_Init	4
../Core/Src/main.c:995:13:MX_USART1_UART_Init	2
../Core/Src/main.c:1026:13:MX_DMA_Init	1
../Core/Src/main.c:1047:13:MX_GPIO_Init	1
../Core/Src/main.c:1092:6:Error_Handler	1
