../Core/Src/main.c:153:5:_write	1
../Core/Src/main.c:161:10:cps_to_pwm	6
../Core/Src/main.c:174:9:validate_target_cps	5
../Core/Src/main.c:180:6:setMuxChannel	2
../Core/Src/main.c:190:6:main_pid_loop	1
../Core/Src/main.c:194:10:get_pwm_from_cps	5
../Core/Src/main.c:210:6:motor_pid_loop	11
../Core/Src/main.c:282:6:debug_motor_status	1
../Core/Src/main.c:293:6:ir_calibration	3
../Core/Src/main.c:311:6:encoder_calibration	3
../Core/Src/main.c:367:6:HAL_TIM_PeriodElapsedCallback	4
../Core/Src/main.c:385:6:HAL_ADC_ConvCpltCallback	3
../Core/Src/main.c:404:6:SendIRDataUART1	3
../Core/Src/main.c:435:5:main	3
../Core/Src/main.c:525:6:SystemClock_Config	3
../Core/Src/main.c:571:13:MX_ADC1_Init	3
../Core/Src/main.c:623:13:MX_TIM1_Init	10
../Core/Src/main.c:710:13:MX_TIM2_Init	3
../Core/Src/main.c:759:13:MX_TIM3_Init	4
../Core/Src/main.c:804:13:MX_TIM4_Init	4
../Core/Src/main.c:849:13:MX_TIM5_Init	3
../Core/Src/main.c:898:13:MX_TIM9_Init	5
../Core/Src/main.c:950:13:MX_USART1_UART_Init	2
../Core/Src/main.c:981:13:MX_DMA_Init	1
../Core/Src/main.c:1002:13:MX_GPIO_Init	1
../Core/Src/main.c:1047:6:Error_Handler	1
