../Core/Src/main.c:153:5:_write	24	static
../Core/Src/main.c:161:10:cps_to_pwm	32	static
../Core/Src/main.c:174:9:validate_target_cps	16	static
../Core/Src/main.c:180:6:setMuxChannel	16	static
../Core/Src/main.c:190:6:main_pid_loop	4	static
../Core/Src/main.c:194:10:get_pwm_from_cps	32	static
../Core/Src/main.c:210:6:motor_pid_loop	24	static
../Core/Src/main.c:282:6:debug_motor_status	160	static
../Core/Src/main.c:293:6:ir_calibration	24	static
../Core/Src/main.c:311:6:encoder_calibration	256	static
../Core/Src/main.c:367:6:HAL_TIM_PeriodElapsedCallback	16	static
../Core/Src/main.c:385:6:HAL_ADC_ConvCpltCallback	16	static
../Core/Src/main.c:404:6:SendIRDataUART1	536	static
../Core/Src/main.c:435:5:main	8	static
../Core/Src/main.c:525:6:SystemClock_Config	88	static
../Core/Src/main.c:571:13:MX_ADC1_Init	24	static
../Core/Src/main.c:623:13:MX_TIM1_Init	96	static
../Core/Src/main.c:710:13:MX_TIM2_Init	56	static
../Core/Src/main.c:759:13:MX_TIM3_Init	32	static
../Core/Src/main.c:804:13:MX_TIM4_Init	32	static
../Core/Src/main.c:849:13:MX_TIM5_Init	56	static
../Core/Src/main.c:898:13:MX_TIM9_Init	56	static
../Core/Src/main.c:950:13:MX_USART1_UART_Init	8	static
../Core/Src/main.c:981:13:MX_DMA_Init	16	static
../Core/Src/main.c:1002:13:MX_GPIO_Init	40	static
../Core/Src/main.c:1047:6:Error_Handler	4	static,ignoring_inline_asm
